// Jest Snapshot v1, https://goo.gl/fbAQLP

exports[`Button should render correctly 1`] = `
<button
  className="w-full bg-blue-700 rounded-md p-2 text-blue-200"
  onClick={[MockFunction]}
/>
`;
