// Jest Snapshot v1, https://goo.gl/fbAQLP

exports[`SidebarLink should render correctly 1`] = `
<li
  className="atom"
/>
`;
