// Jest Snapshot v1, https://goo.gl/fbAQLP

exports[`Home should render correctly 1`] = `
<div>
  <h1
    className="text-3xl font-bold text-white"
  >
    dashboard.title
  </h1>
</div>
`;
